Archive member included because of file (symbol)

/usr/local/lib/gcc/avr/4.2.2/../../../../avr/lib/avr5/libprintf_min.a(vfprintf_min.o)
                              (vfprintf)
/usr/local/lib/gcc/avr/4.2.2/avr5/libgcc.a(_mulsi3.o)
                              ../../src/kernel/source/nrk_time.o (__mulsi3)
/usr/local/lib/gcc/avr/4.2.2/avr5/libgcc.a(_udivmodhi4.o)
                              ../../src/net/bmac/bmac.o (__udivmodhi4)
/usr/local/lib/gcc/avr/4.2.2/avr5/libgcc.a(_divmodhi4.o)
                              ../../src/net/bmac/bmac.o (__divmodhi4)
/usr/local/lib/gcc/avr/4.2.2/avr5/libgcc.a(_udivmodsi4.o)
                              ../../src/kernel/source/nrk_time.o (__udivmodsi4)
/usr/local/lib/gcc/avr/4.2.2/avr5/libgcc.a(_prologue.o)
                              /usr/local/lib/gcc/avr/4.2.2/../../../../avr/lib/avr5/libprintf_min.a(vfprintf_min.o) (__prologue_saves__)
/usr/local/lib/gcc/avr/4.2.2/avr5/libgcc.a(_epilogue.o)
                              /usr/local/lib/gcc/avr/4.2.2/../../../../avr/lib/avr5/libprintf_min.a(vfprintf_min.o) (__epilogue_restores__)
/usr/local/lib/gcc/avr/4.2.2/avr5/libgcc.a(_exit.o)
                              /usr/local/lib/gcc/avr/4.2.2/../../../../avr/lib/avr5/crtm1281.o (exit)
/usr/local/lib/gcc/avr/4.2.2/avr5/libgcc.a(_clear_bss.o)
                              main.o (__do_clear_bss)
/usr/local/lib/gcc/avr/4.2.2/../../../../avr/lib/avr5/libc.a(rand.o)
                              ../../src/net/bmac/bmac.o (rand)
/usr/local/lib/gcc/avr/4.2.2/../../../../avr/lib/avr5/libc.a(strchr_P.o)
                              /usr/local/lib/gcc/avr/4.2.2/../../../../avr/lib/avr5/libprintf_min.a(vfprintf_min.o) (strchr_P)
/usr/local/lib/gcc/avr/4.2.2/../../../../avr/lib/avr5/libc.a(fdevopen.o)
                              ../../src/platform/firefly2_2/source/ulib.o (fdevopen)
/usr/local/lib/gcc/avr/4.2.2/../../../../avr/lib/avr5/libc.a(fputc.o)
                              ../../src/platform/firefly2_2/source/ulib.o (fputc)
/usr/local/lib/gcc/avr/4.2.2/../../../../avr/lib/avr5/libc.a(iob.o)
                              ../../src/platform/firefly2_2/source/ulib.o (__iob)
/usr/local/lib/gcc/avr/4.2.2/../../../../avr/lib/avr5/libc.a(printf.o)
                              main.o (printf)
/usr/local/lib/gcc/avr/4.2.2/../../../../avr/lib/avr5/libc.a(puts.o)
                              main.o (puts)
/usr/local/lib/gcc/avr/4.2.2/../../../../avr/lib/avr5/libc.a(sprintf.o)
                              main.o (sprintf)
/usr/local/lib/gcc/avr/4.2.2/../../../../avr/lib/avr5/libc.a(ultoa_invert.o)
                              /usr/local/lib/gcc/avr/4.2.2/../../../../avr/lib/avr5/libprintf_min.a(vfprintf_min.o) (__ultoa_invert)
/usr/local/lib/gcc/avr/4.2.2/../../../../avr/lib/avr5/libc.a(ee_rb.1F2021.o)
                              ../../src/platform/firefly2_2/source/nrk_eeprom.o (__eeprom_read_byte_1F2021)
/usr/local/lib/gcc/avr/4.2.2/../../../../avr/lib/avr5/libc.a(ee_wb.1F2021.o)
                              ../../src/platform/firefly2_2/source/nrk_eeprom.o (__eeprom_write_byte_1F2021)
/usr/local/lib/gcc/avr/4.2.2/../../../../avr/lib/avr5/libc.a(calloc.o)
                              /usr/local/lib/gcc/avr/4.2.2/../../../../avr/lib/avr5/libc.a(fdevopen.o) (calloc)
/usr/local/lib/gcc/avr/4.2.2/../../../../avr/lib/avr5/libc.a(malloc.o)
                              /usr/local/lib/gcc/avr/4.2.2/../../../../avr/lib/avr5/libc.a(calloc.o) (malloc)
/usr/local/lib/gcc/avr/4.2.2/../../../../avr/lib/avr5/libc.a(memset.o)
                              /usr/local/lib/gcc/avr/4.2.2/../../../../avr/lib/avr5/libc.a(calloc.o) (memset)
/usr/local/lib/gcc/avr/4.2.2/avr5/libgcc.a(_divmodsi4.o)
                              /usr/local/lib/gcc/avr/4.2.2/../../../../avr/lib/avr5/libc.a(rand.o) (__divmodsi4)

Allocating common symbols
Common symbol       size              file

rx_ctr              0x4               ../../src/radio/cc2420/source/basic_rf.o
_free_node          0x2               ../../src/kernel/source/nrk.o
app_timer0_callback
                    0x2               main.o
nrk_task_TCB        0x84              ../../src/kernel/source/nrk.o
next_next_wakeup    0x2               ../../src/kernel/source/nrk.o
ext_int1_callback   0x2               ../../src/kernel/hal/atmega1281/nrk_ext_int.o
radio_sem           0x2               ../../src/radio/cc2420/source/basic_rf.o
tx_task_stack       0x80              main.o
bmac_running        0x1               ../../src/net/bmac/bmac.o
cca_active          0x1               main.o
ext_int0_callback   0x2               ../../src/kernel/hal/atmega1281/nrk_ext_int.o
nrk_sem_list        0x6               ../../src/kernel/source/nrk.o
security_enable     0x1               ../../src/radio/cc2420/source/basic_rf.o
nrk_task_init_cnt   0x1               ../../src/kernel/source/nrk.o
is_enabled          0x1               ../../src/net/bmac/bmac.o
error_task          0x1               main.o
tx_data_ready       0x1               ../../src/net/bmac/bmac.o
[...]
Memory Configuration

Name             Origin             Length             Attributes
text             0x00000000         0x00020000         xr
data             0x00800060         0x0000ffa0         rw !x
eeprom           0x00810000         0x00010000         rw !x
*default*        0x00000000         0xffffffff

Linker script and memory map

Address of section .data set to 0x800200
LOAD /usr/local/lib/gcc/avr/4.2.2/../../../../avr/lib/avr5/crtm1281.o
LOAD main.o
LOAD ../../src/net/bmac/bmac.o
LOAD accel_data.o
LOAD ../../src/radio/cc2420/source/hal_rf_set_channel.o
LOAD ../../src/radio/cc2420/source/hal_rf_wait_for_crystal_oscillator.o
LOAD ../../src/radio/cc2420/source/basic_rf.o
LOAD ../../src/platform/firefly2_2/source/ulib.o
LOAD ../../src/platform/firefly2_2/source/hal_wait.o
LOAD ../../src/platform/firefly2_2/source/nrk_eeprom.o
LOAD ../../src/kernel/source/nrk.o
LOAD ../../src/kernel/source/nrk_stats.o
LOAD ../../src/kernel/source/nrk_error.o
LOAD ../../src/kernel/source/nrk_stack_check.o
LOAD ../../src/kernel/source/nrk_events.o
LOAD ../../src/kernel/source/nrk_task.o
LOAD ../../src/kernel/source/nrk_time.o
LOAD ../../src/kernel/source/nrk_idle_task.o
LOAD ../../src/kernel/source/nrk_scheduler.o
LOAD ../../src/kernel/source/nrk_driver.o
LOAD ../../src/kernel/source/nrk_reserve.o
LOAD ../../src/kernel/hal/atmega1281/nrk_timer.o
LOAD ../../src/kernel/hal/atmega1281/nrk_ext_int.o
LOAD ../../src/kernel/hal/atmega1281/nrk_status.o
LOAD ../../src/kernel/hal/atmega1281/nrk_watchdog.o
LOAD ../../src/kernel/hal/atmega1281/nrk_cpu.o
LOAD ../../src/kernel/hal/atmega1281/atmel_hw_specific.o
LOAD /usr/local/lib/gcc/avr/4.2.2/../../../../avr/lib/avr5/libprintf_min.a
LOAD /usr/local/lib/gcc/avr/4.2.2/../../../../avr/lib/avr5/libm.a
LOAD /usr/local/lib/gcc/avr/4.2.2/avr5/libgcc.a
LOAD /usr/local/lib/gcc/avr/4.2.2/../../../../avr/lib/avr5/libc.a
LOAD /usr/local/lib/gcc/avr/4.2.2/avr5/libgcc.a

.hash
 *(.hash)

.dynsym
 *(.dynsym)

.dynstr
 *(.dynstr)

.gnu.version
 *(.gnu.version)

.gnu.version_d
 *(.gnu.version_d)

.gnu.version_r
 *(.gnu.version_r)

.rel.init
 *(.rel.init)

.rela.init
 *(.rela.init)

.rel.text
 *(.rel.text)
 *(.rel.text.*)
 *(.rel.gnu.linkonce.t*)

.rela.text
 *(.rela.text)
 *(.rela.text.*)
 *(.rela.gnu.linkonce.t*)

.rel.fini
 *(.rel.fini)

.rela.fini
 *(.rela.fini)

.rel.rodata
 *(.rel.rodata)
 *(.rel.rodata.*)
 *(.rel.gnu.linkonce.r*)

.rela.rodata
 *(.rela.rodata)
 *(.rela.rodata.*)
 *(.rela.gnu.linkonce.r*)

.rel.data
 *(.rel.data)
 *(.rel.data.*)
 *(.rel.gnu.linkonce.d*)

.rela.data
 *(.rela.data)
 *(.rela.data.*)
 *(.rela.gnu.linkonce.d*)

.rel.ctors
 *(.rel.ctors)

.rela.ctors
 *(.rela.ctors)

.rel.dtors
 *(.rel.dtors)

.rela.dtors
 *(.rela.dtors)

.rel.got
 *(.rel.got)

.rela.got
 *(.rela.got)

.rel.bss
 *(.rel.bss)

.rela.bss
 *(.rela.bss)

.rel.plt
 *(.rel.plt)

.rela.plt
 *(.rela.plt)

.text           0x00000000     0x652e
 *(.vectors)
 .vectors       0x00000000       0xcc /usr/local/lib/gcc/avr/4.2.2/../../../../avr/lib/avr5/crtm1281.o
                0x00000000                __vectors
 *(.vectors)
 *(.progmem.gcc*)
 .progmem.gcc_sw_table
                0x000000cc       0x24 ../../src/kernel/source/nrk_error.o
 *(.progmem*)
 .progmem.data  0x000000f0       0x33 main.o
 .progmem.data  0x00000123       0x7c ../../src/net/bmac/bmac.o
 .progmem.data  0x0000019f       0x59 ../../src/radio/cc2420/source/basic_rf.o
 .progmem.data  0x000001f8      0x1c8 ../../src/kernel/source/nrk_error.o
 .progmem.data  0x000003c0        0xf ../../src/kernel/source/nrk_stack_check.o
 .progmem.data  0x000003cf       0x17 /usr/local/lib/gcc/avr/4.2.2/../../../../avr/lib/avr5/libprintf_min.a(vfprintf_min.o)
                0x000003e6                . = ALIGN (0x2)
                0x000003e6                __trampolines_start = .
 *(.trampolines)
 .trampolines   0x000003e6        0x0 linker stubs
 *(.trampolines*)
                0x000003e6                __trampolines_end = .
 *(.jumptables)
 *(.jumptables*)
 *(.lowtext)
 *(.lowtext*)
                0x000003e6                __ctors_start = .
 *(.ctors)
                0x000003e6                __ctors_end = .
                0x000003e6                __dtors_start = .
 *(.dtors)
                0x000003e6                __dtors_end = .
 SORT(*)(.ctors)
 SORT(*)(.dtors)
 *(.init0)
 .init0         0x000003e6        0x0 /usr/local/lib/gcc/avr/4.2.2/../../../../avr/lib/avr5/crtm1281.o
                0x000003e6                __init
 *(.init0)
 *(.init1)
 *(.init1)
 *(.init2)
 .init2         0x000003e6        0xc /usr/local/lib/gcc/avr/4.2.2/../../../../avr/lib/avr5/crtm1281.o
 *(.init2)
 *(.init3)
 *(.init3)
 *(.init4)
 .init4         0x000003f2       0x1a /usr/local/lib/gcc/avr/4.2.2/../../../../avr/lib/avr5/crtm1281.o
                0x000003f2                __do_copy_data
 .init4         0x0000040c       0x10 /usr/local/lib/gcc/avr/4.2.2/avr5/libgcc.a(_clear_bss.o)
                0x0000040c                __do_clear_bss
 *(.init4)
 *(.init5)
 *(.init5)
 *(.init6)
 *(.init6)
 *(.init7)
 *(.init7)
 *(.init8)
 *(.init8)
 *(.init9)
 .init9         0x0000041c        0x8 /usr/local/lib/gcc/avr/4.2.2/../../../../avr/lib/avr5/crtm1281.o
 *(.init9)
 *(.text)
 .text          0x00000424        0x4 /usr/local/lib/gcc/avr/4.2.2/../../../../avr/lib/avr5/crtm1281.o
                0x00000424                __vector_38
                0x00000424                __vector_22
                0x00000424                __vector_28
                0x00000424                __vector_34
                0x00000424                __vector_24
                0x00000424                __vector_12
                0x00000424                __vector_46
                0x00000424                __bad_interrupt
                0x00000424                __vector_6
                0x00000424                __vector_31
                0x00000424                __vector_35
                0x00000424                __vector_39
                0x00000424                __vector_3
                0x00000424                __vector_23
                0x00000424                __vector_30
                0x00000424                __vector_45
                0x00000424                __vector_25
                0x00000424                __vector_11
                0x00000424                __vector_19
                0x00000424                __vector_7
                0x00000424                __vector_49
                0x00000424                __vector_41
                0x00000424                __vector_43
                0x00000424                __vector_27
                0x00000424                __vector_5
                0x00000424                __vector_33
                0x00000424                __vector_47
                0x00000424                __vector_37
                0x00000424                __vector_4
                0x00000424                __vector_44
                0x00000424                __vector_2
                0x00000424                __vector_21
                0x00000424                __vector_29
                0x00000424                __vector_40
                0x00000424                __vector_8
                0x00000424                __vector_26
                0x00000424                __vector_48
                0x00000424                __vector_14
                0x00000424                __vector_10
                0x00000424                __vector_50
                0x00000424                __vector_16
                0x00000424                __vector_18
                0x00000424                __vector_20
                0x00000424                __vector_42
 .text          0x00000428      0x354 main.o
                0x00000428                nrk_create_taskset
                0x000004ea                tx_task
                0x0000071c                main
                0x0000060c                rx_task
 .text          0x0000077c      0x814 ../../src/net/bmac/bmac.o
                0x00000c68                bmac_set_channel
                0x0000097c                bmac_enable
                0x00000ebe                bmac_nw_task
                0x00000e2c                bmac_auto_ack_enable
                0x000007ec                bmac_rx_pkt_ready
                0x000009ba                _bmac_tx
                0x00000e22                bmac_addr_decode_disable
                0x0000079c                bmac_set_cca_active
                0x00000e40                bmac_tx_reserve_get
                0x00000e02                bmac_rx_pkt_is_encrypted
                0x00000e36                bmac_auto_ack_disable
                0x00000b7c                bmac_get_tx_done_signal
                0x00000c8e                bmac_init
                0x000007c4                bmac_tx_pkt_nonblocking
                0x00000dbc                bmac_set_cca_thresh
                0x0000077c                bmac_tx_busy
                0x000008a6                _b_pow
                0x00000f64                bmac_rx_pkt_get
                0x0000098c                _bmac_channel_check
                0x0000089a                bmac_started
                0x00000e5a                bmac_tx_reserve_set
                0x0000078c                rf_rx_callback
                0x00000b90                bmac_get_rx_pkt_signal
                0x00000800                bmac_rx_pkt_release
                0x00000812                bmac_set_rx_check_rate
                0x0000080c                bmac_disable
                0x00000bec                bmac_tx_pkt
                0x00000af4                _bmac_rx
                0x00000dc6                bmac_set_rf_power
                0x00000de4                bmac_encryption_enable
                0x0000078e                bmac_addr_decode_dest_mac
                0x00000e0e                bmac_addr_decode_set_my_mac
                0x000008cc                bmac_task_config
                0x00000784                bmac_got_ack
                0x00000e18                bmac_addr_decode_enable
                0x00000dee                bmac_encryption_set_key
                0x000007a2                bmac_rx_pkt_set_buffer
                0x00000ba4                bmac_wait_until_rx_pkt
                0x00000eaa                bmac_encryption_set_ctr_counter
                0x00000dda                bmac_encryption_disable
 .text          0x00000f90       0xd2 accel_data.o
                0x00000f90                readAccelData
                0x00000fec                writeAccelData
 .text          0x00001062       0x3e ../../src/radio/cc2420/source/hal_rf_set_channel.o
                0x00001062                halRfSetChannel
 .text          0x000010a0       0x18 ../../src/radio/cc2420/source/hal_rf_wait_for_crystal_oscillator.o
                0x000010a0                halRfWaitForCrystalOscillator
 .text          0x000010b8     0x14e6 ../../src/radio/cc2420/source/basic_rf.o
                0x0000237c                rf_set_channel
                0x000019bc                rf_rx_on
                0x00001238                rf_auto_ack_enable
                0x000019fc                rf_tx_power
                0x00002328                rf_set_rx
                0x00001202                rf_addr_decode_disable
                0x00001374                rf_data_mode
                0x000012c2                rf_rx_check_fifop
                0x00001a4a                rf_tx_packet
                0x000012d4                rf_rx_check_sfd
                0x0000114e                rf_security_enable
                0x000012e8                rf_rx_packet
                0x00001324                rf_carrier_off
                0x000012ae                rf_busy
                0x0000197c                rf_polling_rx_on
                0x0000149e                rf_polling_rx_packet
                0x0000134c                rf_carrier_on
                0x000011c2                rf_get_sem
                0x0000194c                rf_rx_off
                0x00001306                rf_flush_rx_fifo
                0x000023a2                rf_init
                0x000011cc                rf_addr_decode_enable
                0x0000214e                rf_security_set_key
                0x00001da8                rf_tx_tdma_packet
                0x000010c0                rf_security_set_ctr_counter
                0x0000144c                rf_set_cca_thresh
                0x000020d8                rf_addr_decode_set_my_mac
                0x0000119a                rf_security_disable
                0x00001274                rf_auto_ack_disable
                0x000013de                rf_test_mode
                0x000010b8                rf_security_last_pkt_status
 .text          0x0000259e      0xa42 ../../src/platform/firefly2_2/source/ulib.o
                0x00002656                nrk_gpio_set
                0x00002d2e                nrk_get_button
                0x00002f1e                nrk_kprintf
                0x000025e4                nrk_uart_data_ready
                0x00002afe                nrk_gpio_direction
                0x00002e98                getc0
                0x00002dc2                nrk_led_set
                0x0000259e                getc1
                0x000028ec                nrk_gpio_toggle
                0x00002760                nrk_gpio_clr
                0x00002e12                putc0
                0x00002eb2                nrk_setup_uart
                0x00002dfc                nrk_gpio_pullups
                0x00002e6a                setup_uart1
                0x00002648                nrk_setup_ports
                0x00002f44                __vector_36
                0x00002e2c                putc1
                0x00002d88                nrk_led_clr
                0x00002878                nrk_gpio_get
                0x0000261e                PORT_INIT
                0x00002e3c                setup_uart0
                0x00002d4e                nrk_led_toggle
                0x00002f04                nrk_uart_rx_signal_get
 .text          0x00002fe0        0xe ../../src/platform/firefly2_2/source/hal_wait.o
                0x00002fe0                halWait
 .text          0x00002fee      0x11c ../../src/platform/firefly2_2/source/nrk_eeprom.o
                0x00003088                read_eeprom_load_img_pages
                0x00003016                nrk_eeprom_read_byte
                0x00003002                write_eeprom_current_image_checksum
                0x000030ce                write_eeprom_load_img_pages
                0x00003022                read_eeprom_mac_address
                0x000030c4                nrk_eeprom_write_byte
                0x000030e2                write_eeprom_aes_key
                0x00003074                read_eeprom_channel
                0x0000309c                read_eeprom_aes_key
                0x00002fee                read_eeprom_current_image_checksum
 .text          0x0000310a      0x44c ../../src/kernel/source/nrk.o
                0x00003112                nrk_version
                0x0000342e                nrk_init
                0x0000311e                nrk_TCB_init
                0x00003552                nrk_halt
                0x00003118                _nrk_timer_tick
                0x0000310e                nrk_int_enable
                0x0000336e                nrk_start
                0x0000310a                nrk_int_disable
 .text          0x00003556        0x0 ../../src/kernel/source/nrk_stats.o
 .text          0x00003556      0x21c ../../src/kernel/source/nrk_error.o
                0x0000375a                nrk_error_add
                0x0000374c                nrk_kernel_error_add
                0x00003570                nrk_error_get
                0x00003562                nrk_errno_get
                0x00003556                _nrk_errno_set
                0x00003590                nrk_error_print
 .text          0x00003772      0x1e8 ../../src/kernel/source/nrk_stack_check.o
                0x000037bc                dump_stack_info
                0x00003772                nrk_stack_check_pid
                0x00003914                nrk_stack_check
 .text          0x0000395a      0x63c ../../src/kernel/source/nrk_events.o
                0x00003d5c                nrk_signal_delete
                0x00003c7c                nrk_event_signal
                0x00003bd4                nrk_sem_post
                0x00003ade                nrk_sem_create
                0x00003f20                nrk_event_wait
                0x00003b9c                nrk_sem_query
                0x0000395a                nrk_signal_create
                0x00003a6c                nrk_signal_register
                0x00003e78                nrk_sem_pend
                0x00003b56                nrk_sem_delete
                0x000039d4                nrk_signal_get_registered_mask
                0x00003b34                nrk_get_resource_index
                0x000039e6                nrk_signal_unregister
 .text          0x00003f96      0x67e ../../src/kernel/source/nrk_task.o
                0x0000417a                _nrk_wait_for_scheduler
                0x0000416c                nrk_get_pid
                0x000044ec                nrk_wait_until_next_period
                0x00004418                nrk_wait_ticks
                0x00004248                nrk_wait_until
                0x00004346                nrk_set_next_wakeup
                0x00003fba                nrk_add_to_readyQ
                0x000042f8                nrk_wait_until_nw
                0x00003fa4                nrk_print_readyQ
                0x00004568                nrk_activate_task
                0x000043c2                nrk_wait_until_ticks
                0x0000418e                nrk_wait
                0x00004544                nrk_terminate_task
                0x00003f96                nrk_get_high_ready_task_ID
                0x00004486                nrk_wait_until_next_n_periods
                0x000040c8                nrk_rem_from_readyQ
 .text          0x00004614      0x5c0 ../../src/kernel/source/nrk_time.o
                0x00004830                nrk_time_set
                0x00004b1e                nrk_time_get
                0x00004852                _nrk_time_to_ticks
                0x00004a0e                _nrk_time_to_ticks_long
                0x00004732                nrk_time_compact_nanos
                0x00004776                nrk_time_add
                0x00004614                nrk_time_sub
                0x00004956                _nrk_ticks_to_time
 .text          0x00004bd4       0x48 ../../src/kernel/source/nrk_idle_task.o
                0x00004bd4                nrk_idle_task
 .text          0x00004c1c      0x3f0 ../../src/kernel/source/nrk_scheduler.o
                0x00004c1c                _nrk_scheduler
 .text          0x0000500c        0x0 ../../src/kernel/source/nrk_driver.o
 .text          0x0000500c      0x2f4 ../../src/kernel/source/nrk_reserve.o
                0x00005098                nrk_reserve_set
                0x0000500c                _nrk_reserve_init
                0x00005196                _nrk_reserve_update
                0x000052aa                nrk_reserve_get
                0x0000523c                nrk_reserve_consume
                0x00005024                nrk_reserve_create
                0x00005064                nrk_reserve_delete
 .text          0x00005300      0x398 ../../src/kernel/hal/atmega1281/nrk_timer.o
                0x00005596                nrk_high_speed_timer_wait
                0x0000550e                __vector_32
                0x000053c4                nrk_timer_int_reset
                0x00005390                _nrk_os_timer_reset
                0x0000548c                _nrk_os_timer_get
                0x000053b6                nrk_timer_int_stop
                0x00005300                nrk_spin_wait_us
                0x00005494                __vector_13
                0x0000531c                _nrk_high_speed_timer_reset
                0x000054fa                __vector_17
                0x00005622                _nrk_setup_timer
                0x0000556a                __vector_default
                0x000053ae                _nrk_set_next_wakeup
                0x000053dc                nrk_timer_int_read
                0x0000530e                _nrk_high_speed_timer_stop
                0x00005314                _nrk_high_speed_timer_start
                0x000053f0                nrk_timer_int_start
                0x00005494                __vector_15
                0x00005406                nrk_timer_int_configure
                0x00005378                _nrk_os_timer_set
                0x0000532c                _nrk_high_speed_timer_get
                0x00005362                _nrk_os_timer_stop
                0x0000537e                _nrk_os_timer_start
                0x000053a4                _nrk_get_next_wakeup
 .text          0x00005698      0x2f2 ../../src/kernel/hal/atmega1281/nrk_ext_int.o
                0x00005698                nrk_ext_int_enable
                0x000058d2                __vector_1
                0x000057b0                nrk_ext_int_configure
                0x0000592e                __vector_9
                0x00005726                nrk_ext_int_disable
 .text          0x0000598a       0x16 ../../src/kernel/hal/atmega1281/nrk_status.o
                0x0000599e                update_watchdog
                0x0000598a                _nrk_startup_ok
 .text          0x000059a0       0x54 ../../src/kernel/hal/atmega1281/nrk_watchdog.o
                0x000059b6                nrk_watchdog_disable
                0x000059d4                nrk_watchdog_enable
                0x000059a0                nrk_watchdog_check
                0x000059b2                nrk_watchdog_reset
 .text          0x000059f4      0x130 ../../src/kernel/hal/atmega1281/nrk_cpu.o
                0x00005aa8                nrk_stack_pointer_init
                0x00005ae6                nrk_task_set_stk
                0x00005a0e                nrk_idle
                0x000059f4                nrk_battery_save
                0x00005a24                nrk_task_set_entry_function
                0x00005adc                nrk_target_start
                0x00005aca                nrk_stack_pointer_restore
                0x00005a2c                nrk_task_stk_init
                0x000059f6                nrk_sleep
 .text          0x00005b24       0x56 ../../src/kernel/hal/atmega1281/atmel_hw_specific.o
                0x00005b24                nrk_start_high_ready_task
 .text          0x00005b7a      0x260 /usr/local/lib/gcc/avr/4.2.2/../../../../avr/lib/avr5/libprintf_min.a(vfprintf_min.o)
                0x00005b7a                vfprintf
 .text          0x00005dda        0x0 /usr/local/lib/gcc/avr/4.2.2/avr5/libgcc.a(_mulsi3.o)
 .text          0x00005dda        0x0 /usr/local/lib/gcc/avr/4.2.2/avr5/libgcc.a(_udivmodhi4.o)
 .text          0x00005dda        0x0 /usr/local/lib/gcc/avr/4.2.2/avr5/libgcc.a(_divmodhi4.o)
 .text          0x00005dda        0x0 /usr/local/lib/gcc/avr/4.2.2/avr5/libgcc.a(_udivmodsi4.o)
 .text          0x00005dda        0x0 /usr/local/lib/gcc/avr/4.2.2/avr5/libgcc.a(_prologue.o)
 .text          0x00005dda        0x0 /usr/local/lib/gcc/avr/4.2.2/avr5/libgcc.a(_epilogue.o)
 .text          0x00005dda        0x0 /usr/local/lib/gcc/avr/4.2.2/avr5/libgcc.a(_exit.o)
 .text          0x00005dda        0x0 /usr/local/lib/gcc/avr/4.2.2/avr5/libgcc.a(_clear_bss.o)
 .text          0x00005dda       0xce /usr/local/lib/gcc/avr/4.2.2/../../../../avr/lib/avr5/libc.a(rand.o)
                0x00005e82                rand_r
                0x00005e88                rand
                0x00005e92                srand
 .text          0x00005ea8       0x16 /usr/local/lib/gcc/avr/4.2.2/../../../../avr/lib/avr5/libc.a(strchr_P.o)
                0x00005ea8                strchr_P
 .text          0x00005ebe       0x9c /usr/local/lib/gcc/avr/4.2.2/../../../../avr/lib/avr5/libc.a(fdevopen.o)
                0x00005ebe                fdevopen
 .text          0x00005f5a       0x5a /usr/local/lib/gcc/avr/4.2.2/../../../../avr/lib/avr5/libc.a(fputc.o)
                0x00005f5a                fputc
 .text          0x00005fb4        0x0 /usr/local/lib/gcc/avr/4.2.2/../../../../avr/lib/avr5/libc.a(iob.o)
 .text          0x00005fb4       0x2e /usr/local/lib/gcc/avr/4.2.2/../../../../avr/lib/avr5/libc.a(printf.o)
                0x00005fb4                printf
 .text          0x00005fe2       0x66 /usr/local/lib/gcc/avr/4.2.2/../../../../avr/lib/avr5/libc.a(puts.o)
                0x00005fe2                puts
 .text          0x00006048       0x4a /usr/local/lib/gcc/avr/4.2.2/../../../../avr/lib/avr5/libc.a(sprintf.o)
                0x00006048                sprintf
 .text          0x00006092       0xbc /usr/local/lib/gcc/avr/4.2.2/../../../../avr/lib/avr5/libc.a(ultoa_invert.o)
                0x00006092                __ultoa_invert
 .text          0x0000614e        0x0 /usr/local/lib/gcc/avr/4.2.2/../../../../avr/lib/avr5/libc.a(ee_rb.1F2021.o)
 .text          0x0000614e        0x0 /usr/local/lib/gcc/avr/4.2.2/../../../../avr/lib/avr5/libc.a(ee_wb.1F2021.o)
 .text          0x0000614e       0x38 /usr/local/lib/gcc/avr/4.2.2/../../../../avr/lib/avr5/libc.a(calloc.o)
                0x0000614e                calloc
 .text          0x00006186      0x1fc /usr/local/lib/gcc/avr/4.2.2/../../../../avr/lib/avr5/libc.a(malloc.o)
                0x00006186                malloc
                0x000062d6                free
 .text          0x00006382        0xe /usr/local/lib/gcc/avr/4.2.2/../../../../avr/lib/avr5/libc.a(memset.o)
                0x00006382                memset
 .text          0x00006390        0x0 /usr/local/lib/gcc/avr/4.2.2/avr5/libgcc.a(_divmodsi4.o)
                0x00006390                . = ALIGN (0x2)
 *(.text.*)
 .text.libgcc   0x00006390       0x3e /usr/local/lib/gcc/avr/4.2.2/avr5/libgcc.a(_mulsi3.o)
                0x00006390                __mulsi3
 .text.libgcc   0x000063ce       0x28 /usr/local/lib/gcc/avr/4.2.2/avr5/libgcc.a(_udivmodhi4.o)
                0x000063ce                __udivmodhi4
 .text.libgcc   0x000063f6       0x26 /usr/local/lib/gcc/avr/4.2.2/avr5/libgcc.a(_divmodhi4.o)
                0x000063f6                __divmodhi4
                0x000063f6                _div
 .text.libgcc   0x0000641c       0x44 /usr/local/lib/gcc/avr/4.2.2/avr5/libgcc.a(_udivmodsi4.o)
                0x0000641c                __udivmodsi4
 .text.libgcc   0x00006460       0x38 /usr/local/lib/gcc/avr/4.2.2/avr5/libgcc.a(_prologue.o)
                0x00006460                __prologue_saves__
 .text.libgcc   0x00006498       0x36 /usr/local/lib/gcc/avr/4.2.2/avr5/libgcc.a(_epilogue.o)
                0x00006498                __epilogue_restores__
 .text.libgcc   0x000064ce        0x0 /usr/local/lib/gcc/avr/4.2.2/avr5/libgcc.a(_exit.o)
 .text.libgcc   0x000064ce        0x0 /usr/local/lib/gcc/avr/4.2.2/avr5/libgcc.a(_clear_bss.o)
 .text.eeprom   0x000064ce       0x10 /usr/local/lib/gcc/avr/4.2.2/../../../../avr/lib/avr5/libc.a(ee_rb.1F2021.o)
                0x000064ce                __eeprom_read_byte_1F2021
 .text.eeprom   0x000064de       0x18 /usr/local/lib/gcc/avr/4.2.2/../../../../avr/lib/avr5/libc.a(ee_wb.1F2021.o)
                0x000064de                __eeprom_write_byte_1F2021
 .text.libgcc   0x000064f6       0x36 /usr/local/lib/gcc/avr/4.2.2/avr5/libgcc.a(_divmodsi4.o)
                0x000064f6                __divmodsi4
                0x0000652c                . = ALIGN (0x2)
 *(.fini9)
 .fini9         0x0000652c        0x0 /usr/local/lib/gcc/avr/4.2.2/avr5/libgcc.a(_exit.o)
                0x0000652c                exit
                0x0000652c                _exit
 *(.fini9)
 *(.fini8)
 *(.fini8)
 *(.fini7)
 *(.fini7)
 *(.fini6)
 *(.fini6)
 *(.fini5)
 *(.fini5)
 *(.fini4)
 *(.fini4)
 *(.fini3)
 *(.fini3)
 *(.fini2)
 *(.fini2)
 *(.fini1)
 *(.fini1)
 *(.fini0)
 .fini0         0x0000652c        0x2 /usr/local/lib/gcc/avr/4.2.2/avr5/libgcc.a(_exit.o)
 *(.fini0)
                0x0000652e                _etext = .

.data           0x00800200       0xba load address 0x0000652e
                0x00800200                PROVIDE (__data_start, .)
 *(.data)
 .data          0x00800200        0x0 /usr/local/lib/gcc/avr/4.2.2/../../../../avr/lib/avr5/crtm1281.o
 .data          0x00800200       0x3d main.o
 .data          0x0080023d        0x0 ../../src/net/bmac/bmac.o
 .data          0x0080023d        0x0 accel_data.o
 .data          0x0080023d        0x0 ../../src/radio/cc2420/source/hal_rf_set_channel.o
 .data          0x0080023d        0x0 ../../src/radio/cc2420/source/hal_rf_wait_for_crystal_oscillator.o
 .data          0x0080023d        0x0 ../../src/radio/cc2420/source/basic_rf.o
 .data          0x0080023d       0x21 ../../src/platform/firefly2_2/source/ulib.o
                0x00800250                NRK_LED_0
                0x00800255                NRK_FIFOP
                0x0080024d                NRK_SFD
                0x00800249                NRK_DEBUG_3
                0x00800251                NRK_LED_1
                0x0080025b                NRK_ADC_INPUT_5
                0x00800257                NRK_ADC_INPUT_1
                0x0080024f                NRK_UART0_TXD
                0x00800252                NRK_LED_2
                0x0080023f                NRK_BUTTON
                0x00800256                NRK_ADC_INPUT_0
                0x0080023e                NRK_DEBUG_1
                0x00800254                NRK_GPIO34
                0x0080024c                NRK_CCA
                0x0080025c                NRK_ADC_INPUT_6
                0x0080023d                NRK_DEBUG_0
                0x00800259                NRK_ADC_INPUT_3
                0x00800244                NRK_GPIO26
                0x00800243                NRK_MISO
                0x00800245                NRK_MMC_11
                0x00800242                NRK_MOSI
                0x0080025a                NRK_ADC_INPUT_4
                0x0080024b                NRK_UART1_TXD
                0x0080024e                NRK_UART0_RXD
                0x0080025d                NRK_ADC_INPUT_7
                0x00800248                NRK_DEBUG_2
                0x00800247                NRK_MMC_9
                0x00800253                NRK_LED_3
                0x00800240                NRK_SPI_SS
                0x00800246                NRK_MMC_10
                0x0080024a                NRK_UART1_RXD
                0x00800258                NRK_ADC_INPUT_2
                0x00800241                NRK_SCK
 .data          0x0080025e        0x0 ../../src/platform/firefly2_2/source/hal_wait.o
 .data          0x0080025e        0x0 ../../src/platform/firefly2_2/source/nrk_eeprom.o
 .data          0x0080025e        0x0 ../../src/kernel/source/nrk.o
 .data          0x0080025e        0x0 ../../src/kernel/source/nrk_stats.o
 .data          0x0080025e        0x3 ../../src/kernel/source/nrk_error.o
 .data          0x00800261       0x4e ../../src/kernel/source/nrk_stack_check.o
 .data          0x008002af        0x0 ../../src/kernel/source/nrk_events.o
 .data          0x008002af        0x0 ../../src/kernel/source/nrk_task.o
 .data          0x008002af        0x0 ../../src/kernel/source/nrk_time.o
 .data          0x008002af        0x0 ../../src/kernel/source/nrk_idle_task.o
 .data          0x008002af        0x0 ../../src/kernel/source/nrk_scheduler.o
 .data          0x008002af        0x0 ../../src/kernel/source/nrk_driver.o
 .data          0x008002af        0x0 ../../src/kernel/source/nrk_reserve.o
 .data          0x008002af        0x0 ../../src/kernel/hal/atmega1281/nrk_timer.o
 .data          0x008002af        0x0 ../../src/kernel/hal/atmega1281/nrk_ext_int.o
 .data          0x008002af        0x0 ../../src/kernel/hal/atmega1281/nrk_status.o
 .data          0x008002af        0x0 ../../src/kernel/hal/atmega1281/nrk_watchdog.o
 .data          0x008002af        0x0 ../../src/kernel/hal/atmega1281/nrk_cpu.o
 .data          0x008002af        0x0 ../../src/kernel/hal/atmega1281/atmel_hw_specific.o
 .data          0x008002af        0x0 /usr/local/lib/gcc/avr/4.2.2/../../../../avr/lib/avr5/libprintf_min.a(vfprintf_min.o)
 .data          0x008002af        0x0 /usr/local/lib/gcc/avr/4.2.2/avr5/libgcc.a(_mulsi3.o)
 .data          0x008002af        0x0 /usr/local/lib/gcc/avr/4.2.2/avr5/libgcc.a(_udivmodhi4.o)
 .data          0x008002af        0x0 /usr/local/lib/gcc/avr/4.2.2/avr5/libgcc.a(_divmodhi4.o)
 .data          0x008002af        0x0 /usr/local/lib/gcc/avr/4.2.2/avr5/libgcc.a(_udivmodsi4.o)
 .data          0x008002af        0x0 /usr/local/lib/gcc/avr/4.2.2/avr5/libgcc.a(_prologue.o)
 .data          0x008002af        0x0 /usr/local/lib/gcc/avr/4.2.2/avr5/libgcc.a(_epilogue.o)
 .data          0x008002af        0x0 /usr/local/lib/gcc/avr/4.2.2/avr5/libgcc.a(_exit.o)
 .data          0x008002af        0x0 /usr/local/lib/gcc/avr/4.2.2/avr5/libgcc.a(_clear_bss.o)
 .data          0x008002af        0x4 /usr/local/lib/gcc/avr/4.2.2/../../../../avr/lib/avr5/libc.a(rand.o)
 .data          0x008002b3        0x0 /usr/local/lib/gcc/avr/4.2.2/../../../../avr/lib/avr5/libc.a(strchr_P.o)
 .data          0x008002b3        0x0 /usr/local/lib/gcc/avr/4.2.2/../../../../avr/lib/avr5/libc.a(fdevopen.o)
 .data          0x008002b3        0x0 /usr/local/lib/gcc/avr/4.2.2/../../../../avr/lib/avr5/libc.a(fputc.o)
 .data          0x008002b3        0x0 /usr/local/lib/gcc/avr/4.2.2/../../../../avr/lib/avr5/libc.a(iob.o)
 .data          0x008002b3        0x0 /usr/local/lib/gcc/avr/4.2.2/../../../../avr/lib/avr5/libc.a(printf.o)
 .data          0x008002b3        0x0 /usr/local/lib/gcc/avr/4.2.2/../../../../avr/lib/avr5/libc.a(puts.o)
 .data          0x008002b3        0x0 /usr/local/lib/gcc/avr/4.2.2/../../../../avr/lib/avr5/libc.a(sprintf.o)
 .data          0x008002b3        0x0 /usr/local/lib/gcc/avr/4.2.2/../../../../avr/lib/avr5/libc.a(ultoa_invert.o)
 .data          0x008002b3        0x0 /usr/local/lib/gcc/avr/4.2.2/../../../../avr/lib/avr5/libc.a(ee_rb.1F2021.o)
 .data          0x008002b3        0x0 /usr/local/lib/gcc/avr/4.2.2/../../../../avr/lib/avr5/libc.a(ee_wb.1F2021.o)
 .data          0x008002b3        0x0 /usr/local/lib/gcc/avr/4.2.2/../../../../avr/lib/avr5/libc.a(calloc.o)
 .data          0x008002b3        0x6 /usr/local/lib/gcc/avr/4.2.2/../../../../avr/lib/avr5/libc.a(malloc.o)
                0x008002b5                __malloc_heap_start
                0x008002b7                __malloc_heap_end
                0x008002b3                __malloc_margin
 .data          0x008002b9        0x0 /usr/local/lib/gcc/avr/4.2.2/../../../../avr/lib/avr5/libc.a(memset.o)
 .data          0x008002b9        0x0 /usr/local/lib/gcc/avr/4.2.2/avr5/libgcc.a(_divmodsi4.o)
 *(.data*)
 *(.rodata)
 *(.rodata*)
 *(.gnu.linkonce.d*)
                0x008002ba                . = ALIGN (0x2)
 *fill*         0x008002b9        0x1 00
                0x008002ba                _edata = .
                0x008002ba                PROVIDE (__data_end, .)

.bss            0x008002ba      0x4ed load address 0x000065e8
                0x008002ba                PROVIDE (__bss_start, .)
 *(.bss)
 .bss           0x008002ba        0x0 /usr/local/lib/gcc/avr/4.2.2/../../../../avr/lib/avr5/crtm1281.o
 .bss           0x008002ba        0x0 main.o
 .bss           0x008002ba        0x0 ../../src/net/bmac/bmac.o
 .bss           0x008002ba        0xe accel_data.o
 .bss           0x008002c8        0x0 ../../src/radio/cc2420/source/hal_rf_set_channel.o
 .bss           0x008002c8        0x0 ../../src/radio/cc2420/source/hal_rf_wait_for_crystal_oscillator.o
 .bss           0x008002c8        0x0 ../../src/radio/cc2420/source/basic_rf.o
 .bss           0x008002c8        0x0 ../../src/platform/firefly2_2/source/ulib.o
 .bss           0x008002c8        0x0 ../../src/platform/firefly2_2/source/hal_wait.o
 .bss           0x008002c8        0x0 ../../src/platform/firefly2_2/source/nrk_eeprom.o
 .bss           0x008002c8        0x0 ../../src/kernel/source/nrk.o
 .bss           0x008002c8        0x0 ../../src/kernel/source/nrk_stats.o
 .bss           0x008002c8        0x0 ../../src/kernel/source/nrk_error.o
 .bss           0x008002c8        0x0 ../../src/kernel/source/nrk_stack_check.o
 .bss           0x008002c8        0x0 ../../src/kernel/source/nrk_events.o
 .bss           0x008002c8        0x0 ../../src/kernel/source/nrk_task.o
 .bss           0x008002c8        0x0 ../../src/kernel/source/nrk_time.o
 .bss           0x008002c8        0x0 ../../src/kernel/source/nrk_idle_task.o
 .bss           0x008002c8        0x0 ../../src/kernel/source/nrk_scheduler.o
 .bss           0x008002c8        0x0 ../../src/kernel/source/nrk_driver.o
 .bss           0x008002c8        0x0 ../../src/kernel/source/nrk_reserve.o
 .bss           0x008002c8        0x0 ../../src/kernel/hal/atmega1281/nrk_timer.o
 .bss           0x008002c8        0x0 ../../src/kernel/hal/atmega1281/nrk_ext_int.o
 .bss           0x008002c8        0x0 ../../src/kernel/hal/atmega1281/nrk_status.o
 .bss           0x008002c8        0x0 ../../src/kernel/hal/atmega1281/nrk_watchdog.o
 .bss           0x008002c8        0x0 ../../src/kernel/hal/atmega1281/nrk_cpu.o
 .bss           0x008002c8        0x0 ../../src/kernel/hal/atmega1281/atmel_hw_specific.o
 .bss           0x008002c8        0x0 /usr/local/lib/gcc/avr/4.2.2/../../../../avr/lib/avr5/libprintf_min.a(vfprintf_min.o)
 .bss           0x008002c8        0x0 /usr/local/lib/gcc/avr/4.2.2/avr5/libgcc.a(_mulsi3.o)
 .bss           0x008002c8        0x0 /usr/local/lib/gcc/avr/4.2.2/avr5/libgcc.a(_udivmodhi4.o)
 .bss           0x008002c8        0x0 /usr/local/lib/gcc/avr/4.2.2/avr5/libgcc.a(_divmodhi4.o)
 .bss           0x008002c8        0x0 /usr/local/lib/gcc/avr/4.2.2/avr5/libgcc.a(_udivmodsi4.o)
 .bss           0x008002c8        0x0 /usr/local/lib/gcc/avr/4.2.2/avr5/libgcc.a(_prologue.o)
 .bss           0x008002c8        0x0 /usr/local/lib/gcc/avr/4.2.2/avr5/libgcc.a(_epilogue.o)
 .bss           0x008002c8        0x0 /usr/local/lib/gcc/avr/4.2.2/avr5/libgcc.a(_exit.o)
 .bss           0x008002c8        0x0 /usr/local/lib/gcc/avr/4.2.2/avr5/libgcc.a(_clear_bss.o)
 .bss           0x008002c8        0x0 /usr/local/lib/gcc/avr/4.2.2/../../../../avr/lib/avr5/libc.a(rand.o)
 .bss           0x008002c8        0x0 /usr/local/lib/gcc/avr/4.2.2/../../../../avr/lib/avr5/libc.a(strchr_P.o)
 .bss           0x008002c8        0x0 /usr/local/lib/gcc/avr/4.2.2/../../../../avr/lib/avr5/libc.a(fdevopen.o)
 .bss           0x008002c8        0x0 /usr/local/lib/gcc/avr/4.2.2/../../../../avr/lib/avr5/libc.a(fputc.o)
 .bss           0x008002c8        0x0 /usr/local/lib/gcc/avr/4.2.2/../../../../avr/lib/avr5/libc.a(iob.o)
 .bss           0x008002c8        0x0 /usr/local/lib/gcc/avr/4.2.2/../../../../avr/lib/avr5/libc.a(printf.o)
 .bss           0x008002c8        0x0 /usr/local/lib/gcc/avr/4.2.2/../../../../avr/lib/avr5/libc.a(puts.o)
 .bss           0x008002c8        0x0 /usr/local/lib/gcc/avr/4.2.2/../../../../avr/lib/avr5/libc.a(sprintf.o)
 .bss           0x008002c8        0x0 /usr/local/lib/gcc/avr/4.2.2/../../../../avr/lib/avr5/libc.a(ultoa_invert.o)
 .bss           0x008002c8        0x0 /usr/local/lib/gcc/avr/4.2.2/../../../../avr/lib/avr5/libc.a(ee_rb.1F2021.o)
 .bss           0x008002c8        0x0 /usr/local/lib/gcc/avr/4.2.2/../../../../avr/lib/avr5/libc.a(ee_wb.1F2021.o)
 .bss           0x008002c8        0x0 /usr/local/lib/gcc/avr/4.2.2/../../../../avr/lib/avr5/libc.a(calloc.o)
 .bss           0x008002c8        0x0 /usr/local/lib/gcc/avr/4.2.2/../../../../avr/lib/avr5/libc.a(malloc.o)
 .bss           0x008002c8        0x0 /usr/local/lib/gcc/avr/4.2.2/../../../../avr/lib/avr5/libc.a(memset.o)
 .bss           0x008002c8        0x0 /usr/local/lib/gcc/avr/4.2.2/avr5/libgcc.a(_divmodsi4.o)
 *(.bss*)
 *(COMMON)
 COMMON         0x008002c8      0x377 main.o
                0x008002c8                app_timer0_callback
                0x008002ca                tx_task_stack
                0x0080034a                cca_active
                0x0080034b                error_task
                0x0080034c                _nrk_time_trigger
                0x0080034d                bmac_task
                0x00800370                bmac_enable_signal
                0x00800371                rx_task_stack
                0x008003f1                bmac_rfTxInfo
                0x008003f8                _nrk_signal_list
                0x008003fc                bmac_rx_pkt_signal
                0x008003fd                ctr_cnt
                0x00800401                rx_buf
                0x00800475                nrk_kernel_stk_ptr
                0x00800477                tx_buf
                0x008004eb                RX_TASK
                0x0080050e                TX_TASK
                0x00800531                app_timer0_prescale
                0x00800532                bmac_task_stack
                0x008005b2                _nrk_prev_timer_val
                0x008005b3                bmac_rfRxInfo
                0x008005bc                error_num
                0x008005bd                nrk_idle_task_stk
                0x0080063d                bmac_tx_pkt_done_signal
                0x0080063e                tx_reserve
 COMMON         0x0080063f        0xe ../../src/net/bmac/bmac.o
                0x0080063f                bmac_running
                0x00800640                is_enabled
                0x00800641                tx_data_ready
                0x00800642                _bmac_check_period
                0x0080064a                pkt_got_ack
                0x0080064b                g_chan
                0x0080064c                rx_buf_empty
 COMMON         0x0080064d       0x1b ../../src/radio/cc2420/source/basic_rf.o
                0x0080064d                rx_ctr
                0x00800651                radio_sem
                0x00800653                security_enable
                0x00800654                mdmctrl0
                0x00800656                rfSettings
                0x0080065f                tmp_blah
                0x00800661                auto_ack_enable
                0x00800662                last_pkt_encrypted
                0x00800663                tx_ctr
                0x00800667                rx_ready
 COMMON         0x00800668       0x13 ../../src/platform/firefly2_2/source/ulib.o
                0x00800668                uart_rx_buf_end
                0x00800669                uart_rx_buf
                0x00800679                uart_rx_signal
                0x0080067a                uart_rx_buf_start
 COMMON         0x0080067b       0xbb ../../src/kernel/source/nrk.o
                0x0080067b                _free_node
                0x0080067d                nrk_task_TCB
                0x00800701                next_next_wakeup
                0x00800703                nrk_sem_list
                0x00800709                nrk_task_init_cnt
                0x0080070a                nrk_wakeup_signal
                0x0080070b                nrk_high_ready_TCB
                0x0080070d                nrk_cur_task_prio
                0x0080070e                _nrk_cpu_state
                0x0080070f                _head_node
                0x00800711                nrk_system_time
                0x00800719                _nrk_resource_cnt
                0x0080071a                nrk_cur_task_TCB
                0x0080071c                nrk_high_ready_prio
                0x0080071d                _nrk_readyQ
 COMMON         0x00800736       0x5f ../../src/kernel/source/nrk_reserve.o
                0x00800736                _nrk_reserve
 COMMON         0x00800795        0x8 ../../src/kernel/hal/atmega1281/nrk_ext_int.o
                0x00800795                ext_int1_callback
                0x00800797                ext_int0_callback
                0x00800799                ext_int2_callback
                0x0080079b                pc_int0_callback
 COMMON         0x0080079d        0x6 /usr/local/lib/gcc/avr/4.2.2/../../../../avr/lib/avr5/libc.a(iob.o)
                0x0080079d                __iob
 COMMON         0x008007a3        0x4 /usr/local/lib/gcc/avr/4.2.2/../../../../avr/lib/avr5/libc.a(malloc.o)
                0x008007a3                __brkval
                0x008007a5                __flp
                0x008007a7                PROVIDE (__bss_end, .)
                0x0000652e                __data_load_start = LOADADDR (.data)
                0x000065e8                __data_load_end = (__data_load_start + SIZEOF (.data))

.noinit         0x008007a7        0x0
                0x008007a7                PROVIDE (__noinit_start, .)
 *(.noinit*)
                0x008007a7                PROVIDE (__noinit_end, .)
                0x008007a7                _end = .
                0x008007a7                PROVIDE (__heap_start, .)

.eeprom         0x00810000        0x0
 *(.eeprom*)
                0x00810000                __eeprom_end = .

.stab           0x00000000     0xfb04
 *(.stab)
 .stab          0x00000000      0x414 /usr/local/lib/gcc/avr/4.2.2/../../../../avr/lib/avr5/crtm1281.o
 .stab          0x00000414      0xbdc main.o
                                0xbe8 (size before relaxing)
 .stab          0x00000ff0     0x1848 ../../src/net/bmac/bmac.o
                               0x1bc0 (size before relaxing)
 .stab          0x00002838      0x33c accel_data.o
                                0x78c (size before relaxing)
 .stab          0x00002b74      0x21c ../../src/radio/cc2420/source/hal_rf_set_channel.o
                                0x534 (size before relaxing)
 .stab          0x00002d90      0x21c ../../src/radio/cc2420/source/hal_rf_wait_for_crystal_oscillator.o
                                0x534 (size before relaxing)
 .stab          0x00002fac     0x1c80 ../../src/radio/cc2420/source/basic_rf.o
                               0x204c (size before relaxing)
 .stab          0x00004c2c     0x114c ../../src/platform/firefly2_2/source/ulib.o
                               0x14b8 (size before relaxing)
 .stab          0x00005d78      0x204 ../../src/platform/firefly2_2/source/hal_wait.o
                                0x51c (size before relaxing)
 .stab          0x00005f7c      0xb28 ../../src/platform/firefly2_2/source/nrk_eeprom.o
                                0xe4c (size before relaxing)
 .stab          0x00006aa4      0x8e8 ../../src/kernel/source/nrk.o
                                0xccc (size before relaxing)
 .stab          0x0000738c      0x27c ../../src/kernel/source/nrk_stats.o
                                0x66c (size before relaxing)
 .stab          0x00007608      0x774 ../../src/kernel/source/nrk_error.o
                                0xb7c (size before relaxing)
 .stab          0x00007d7c      0x42c ../../src/kernel/source/nrk_stack_check.o
                                0x81c (size before relaxing)
 .stab          0x000081a8      0xd50 ../../src/kernel/source/nrk_events.o
                               0x111c (size before relaxing)
 .stab          0x00008ef8      0xf60 ../../src/kernel/source/nrk_task.o
                               0x132c (size before relaxing)
 .stab          0x00009e58      0x6cc ../../src/kernel/source/nrk_time.o
                                0xa80 (size before relaxing)
 .stab          0x0000a524      0x2e8 ../../src/kernel/source/nrk_idle_task.o
                                0x6f0 (size before relaxing)
 .stab          0x0000a80c      0x6c0 ../../src/kernel/source/nrk_scheduler.o
                                0xa8c (size before relaxing)
 .stab          0x0000aecc       0xe4 ../../src/kernel/source/nrk_driver.o
                                 0xf0 (size before relaxing)
 .stab          0x0000afb0      0x6c0 ../../src/kernel/source/nrk_reserve.o
                                0xa74 (size before relaxing)
 .stab          0x0000b670      0xca8 ../../src/kernel/hal/atmega1281/nrk_timer.o
                                0xff0 (size before relaxing)
 .stab          0x0000c318      0x618 ../../src/kernel/hal/atmega1281/nrk_ext_int.o
                                0x948 (size before relaxing)
 .stab          0x0000c930      0x21c ../../src/kernel/hal/atmega1281/nrk_status.o
                                0x534 (size before relaxing)
 .stab          0x0000cb4c      0x384 ../../src/kernel/hal/atmega1281/nrk_watchdog.o
                                0x738 (size before relaxing)
 .stab          0x0000ced0      0x6f0 ../../src/kernel/hal/atmega1281/nrk_cpu.o
                                0xabc (size before relaxing)
 .stab          0x0000d5c0      0x204 ../../src/kernel/hal/atmega1281/atmel_hw_specific.o
                                0x210 (size before relaxing)
 .stab          0x0000d7c4      0x7e0 /usr/local/lib/gcc/avr/4.2.2/../../../../avr/lib/avr5/libprintf_min.a(vfprintf_min.o)
                                0x840 (size before relaxing)
 .stab          0x0000dfa4      0x2f4 /usr/local/lib/gcc/avr/4.2.2/../../../../avr/lib/avr5/libc.a(rand.o)
                                0x330 (size before relaxing)
 .stab          0x0000e298       0x9c /usr/local/lib/gcc/avr/4.2.2/../../../../avr/lib/avr5/libc.a(strchr_P.o)
                                 0xa8 (size before relaxing)
 .stab          0x0000e334      0x27c /usr/local/lib/gcc/avr/4.2.2/../../../../avr/lib/avr5/libc.a(fdevopen.o)
                                0x4a4 (size before relaxing)
 .stab          0x0000e5b0      0x1d4 /usr/local/lib/gcc/avr/4.2.2/../../../../avr/lib/avr5/libc.a(fputc.o)
                                0x3b4 (size before relaxing)
 .stab          0x0000e784      0x12c /usr/local/lib/gcc/avr/4.2.2/../../../../avr/lib/avr5/libc.a(iob.o)
                                0x30c (size before relaxing)
 .stab          0x0000e8b0      0x1b0 /usr/local/lib/gcc/avr/4.2.2/../../../../avr/lib/avr5/libc.a(printf.o)
                                0x390 (size before relaxing)
 .stab          0x0000ea60      0x1e0 /usr/local/lib/gcc/avr/4.2.2/../../../../avr/lib/avr5/libc.a(puts.o)
                                0x3c0 (size before relaxing)
 .stab          0x0000ec40      0x1f8 /usr/local/lib/gcc/avr/4.2.2/../../../../avr/lib/avr5/libc.a(sprintf.o)
                                0x3d8 (size before relaxing)
 .stab          0x0000ee38      0x480 /usr/local/lib/gcc/avr/4.2.2/../../../../avr/lib/avr5/libc.a(ultoa_invert.o)
                                0x48c (size before relaxing)
 .stab          0x0000f2b8       0x78 /usr/local/lib/gcc/avr/4.2.2/../../../../avr/lib/avr5/libc.a(ee_rb.1F2021.o)
                                 0x84 (size before relaxing)
 .stab          0x0000f330       0xa8 /usr/local/lib/gcc/avr/4.2.2/../../../../avr/lib/avr5/libc.a(ee_wb.1F2021.o)
                                 0xb4 (size before relaxing)
 .stab          0x0000f3d8      0x198 /usr/local/lib/gcc/avr/4.2.2/../../../../avr/lib/avr5/libc.a(calloc.o)
                                0x1f8 (size before relaxing)
 .stab          0x0000f570      0x528 /usr/local/lib/gcc/avr/4.2.2/../../../../avr/lib/avr5/libc.a(malloc.o)
                                0x708 (size before relaxing)
 .stab          0x0000fa98       0x6c /usr/local/lib/gcc/avr/4.2.2/../../../../avr/lib/avr5/libc.a(memset.o)
                                 0x78 (size before relaxing)

.stabstr        0x00000000     0x6438
 *(.stabstr)
 .stabstr       0x00000000     0x6438 /usr/local/lib/gcc/avr/4.2.2/../../../../avr/lib/avr5/crtm1281.o

.stab.excl
 *(.stab.excl)

.stab.exclstr
 *(.stab.exclstr)

.stab.index
 *(.stab.index)

.stab.indexstr
 *(.stab.indexstr)

.comment
 *(.comment)

.debug
 *(.debug)

.line
 *(.line)

.debug_srcinfo
 *(.debug_srcinfo)

.debug_sfnames
 *(.debug_sfnames)

.debug_aranges
 *(.debug_aranges)

.debug_pubnames
 *(.debug_pubnames)

.debug_info
 *(.debug_info)
 *(.gnu.linkonce.wi.*)

.debug_abbrev
 *(.debug_abbrev)

.debug_line
 *(.debug_line)

.debug_frame
 *(.debug_frame)

.debug_str
 *(.debug_str)

.debug_loc
 *(.debug_loc)

.debug_macinfo
 *(.debug_macinfo)
OUTPUT(main.elf elf32-avr)
LOAD linker stubs

Cross Reference Table

Symbol                                            File
NRK_ADC_INPUT_0                                   ../../src/platform/firefly2_2/source/ulib.o
NRK_ADC_INPUT_1                                   ../../src/platform/firefly2_2/source/ulib.o
NRK_ADC_INPUT_2                                   ../../src/platform/firefly2_2/source/ulib.o
NRK_ADC_INPUT_3                                   ../../src/platform/firefly2_2/source/ulib.o
NRK_ADC_INPUT_4                                   ../../src/platform/firefly2_2/source/ulib.o
NRK_ADC_INPUT_5                                   ../../src/platform/firefly2_2/source/ulib.o
NRK_ADC_INPUT_6                                   ../../src/platform/firefly2_2/source/ulib.o
NRK_ADC_INPUT_7                                   ../../src/platform/firefly2_2/source/ulib.o
NRK_BUTTON                                        ../../src/platform/firefly2_2/source/ulib.o
NRK_CCA                                           ../../src/platform/firefly2_2/source/ulib.o
NRK_DEBUG_0                                       ../../src/platform/firefly2_2/source/ulib.o
NRK_DEBUG_1                                       ../../src/platform/firefly2_2/source/ulib.o
NRK_DEBUG_2                                       ../../src/platform/firefly2_2/source/ulib.o
NRK_DEBUG_3                                       ../../src/platform/firefly2_2/source/ulib.o
NRK_FIFOP                                         ../../src/platform/firefly2_2/source/ulib.o
NRK_GPIO26                                        ../../src/platform/firefly2_2/source/ulib.o
NRK_GPIO34                                        ../../src/platform/firefly2_2/source/ulib.o
NRK_LED_0                                         ../../src/platform/firefly2_2/source/ulib.o
NRK_LED_1                                         ../../src/platform/firefly2_2/source/ulib.o
NRK_LED_2                                         ../../src/platform/firefly2_2/source/ulib.o
NRK_LED_3                                         ../../src/platform/firefly2_2/source/ulib.o
NRK_MISO                                          ../../src/platform/firefly2_2/source/ulib.o
NRK_MMC_10                                        ../../src/platform/firefly2_2/source/ulib.o
NRK_MMC_11                                        ../../src/platform/firefly2_2/source/ulib.o
NRK_MMC_9                                         ../../src/platform/firefly2_2/source/ulib.o
NRK_MOSI                                          ../../src/platform/firefly2_2/source/ulib.o
NRK_SCK                                           ../../src/platform/firefly2_2/source/ulib.o
NRK_SFD                                           ../../src/platform/firefly2_2/source/ulib.o
NRK_SPI_SS                                        ../../src/platform/firefly2_2/source/ulib.o
NRK_UART0_RXD                                     ../../src/platform/firefly2_2/source/ulib.o
NRK_UART0_TXD                                     ../../src/platform/firefly2_2/source/ulib.o
NRK_UART1_RXD                                     ../../src/platform/firefly2_2/source/ulib.o
NRK_UART1_TXD                                     ../../src/platform/firefly2_2/source/ulib.o
PORT_INIT                                         ../../src/platform/firefly2_2/source/ulib.o
RX_TASK                                           main.o
TX_TASK                                           main.o
__bad_interrupt                                   /usr/local/lib/gcc/avr/4.2.2/../../../../avr/lib/avr5/crtm1281.o
__brkval                                          /usr/local/lib/gcc/avr/4.2.2/../../../../avr/lib/avr5/libc.a(malloc.o)
__bss_end                                         /usr/local/lib/gcc/avr/4.2.2/avr5/libgcc.a(_clear_bss.o)
__bss_start                                       /usr/local/lib/gcc/avr/4.2.2/avr5/libgcc.a(_clear_bss.o)
__data_end                                        /usr/local/lib/gcc/avr/4.2.2/../../../../avr/lib/avr5/crtm1281.o
__data_load_start                                 /usr/local/lib/gcc/avr/4.2.2/../../../../avr/lib/avr5/crtm1281.o
__data_start                                      /usr/local/lib/gcc/avr/4.2.2/../../../../avr/lib/avr5/crtm1281.o
__divmodhi4                                       /usr/local/lib/gcc/avr/4.2.2/avr5/libgcc.a(_divmodhi4.o)
                                                  ../../src/net/bmac/bmac.o
__divmodsi4                                       /usr/local/lib/gcc/avr/4.2.2/avr5/libgcc.a(_divmodsi4.o)
                                                  /usr/local/lib/gcc/avr/4.2.2/../../../../avr/lib/avr5/libc.a(rand.o)
__do_clear_bss                                    /usr/local/lib/gcc/avr/4.2.2/avr5/libgcc.a(_clear_bss.o)
                                                  /usr/local/lib/gcc/avr/4.2.2/../../../../avr/lib/avr5/libc.a(malloc.o)
                                                  /usr/local/lib/gcc/avr/4.2.2/../../../../avr/lib/avr5/libc.a(calloc.o)
                                                  /usr/local/lib/gcc/avr/4.2.2/../../../../avr/lib/avr5/libc.a(sprintf.o)
                                                  /usr/local/lib/gcc/avr/4.2.2/../../../../avr/lib/avr5/libc.a(puts.o)
                                                  /usr/local/lib/gcc/avr/4.2.2/../../../../avr/lib/avr5/libc.a(printf.o)
                                                  /usr/local/lib/gcc/avr/4.2.2/../../../../avr/lib/avr5/libc.a(iob.o)
                                                  /usr/local/lib/gcc/avr/4.2.2/../../../../avr/lib/avr5/libc.a(fputc.o)
                                                  /usr/local/lib/gcc/avr/4.2.2/../../../../avr/lib/avr5/libc.a(fdevopen.o)
                                                  /usr/local/lib/gcc/avr/4.2.2/../../../../avr/lib/avr5/libc.a(rand.o)
                                                  /usr/local/lib/gcc/avr/4.2.2/../../../../avr/lib/avr5/libprintf_min.a(vfprintf_min.o)
                                                  ../../src/kernel/hal/atmega1281/nrk_cpu.o
                                                  ../../src/kernel/hal/atmega1281/nrk_watchdog.o
                                                  ../../src/kernel/hal/atmega1281/nrk_status.o
                                                  ../../src/kernel/hal/atmega1281/nrk_ext_int.o
                                                  ../../src/kernel/hal/atmega1281/nrk_timer.o
                                                  ../../src/kernel/source/nrk_reserve.o
                                                  ../../src/kernel/source/nrk_driver.o
                                                  ../../src/kernel/source/nrk_scheduler.o
                                                  ../../src/kernel/source/nrk_idle_task.o
                                                  ../../src/kernel/source/nrk_time.o
                                                  ../../src/kernel/source/nrk_task.o
                                                  ../../src/kernel/source/nrk_events.o
                                                  ../../src/kernel/source/nrk_stack_check.o
                                                  ../../src/kernel/source/nrk_error.o
                                                  ../../src/kernel/source/nrk_stats.o
                                                  ../../src/kernel/source/nrk.o
                                                  ../../src/platform/firefly2_2/source/nrk_eeprom.o
                                                  ../../src/platform/firefly2_2/source/hal_wait.o
                                                  ../../src/platform/firefly2_2/source/ulib.o
                                                  ../../src/radio/cc2420/source/basic_rf.o
                                                  ../../src/radio/cc2420/source/hal_rf_wait_for_crystal_oscillator.o
                                                  ../../src/radio/cc2420/source/hal_rf_set_channel.o
                                                  accel_data.o
                                                  ../../src/net/bmac/bmac.o
                                                  main.o
__do_copy_data                                    /usr/local/lib/gcc/avr/4.2.2/../../../../avr/lib/avr5/crtm1281.o
                                                  /usr/local/lib/gcc/avr/4.2.2/../../../../avr/lib/avr5/libc.a(malloc.o)
                                                  /usr/local/lib/gcc/avr/4.2.2/../../../../avr/lib/avr5/libc.a(calloc.o)
                                                  /usr/local/lib/gcc/avr/4.2.2/../../../../avr/lib/avr5/libc.a(sprintf.o)
                                                  /usr/local/lib/gcc/avr/4.2.2/../../../../avr/lib/avr5/libc.a(puts.o)
                                                  /usr/local/lib/gcc/avr/4.2.2/../../../../avr/lib/avr5/libc.a(printf.o)
                                                  /usr/local/lib/gcc/avr/4.2.2/../../../../avr/lib/avr5/libc.a(iob.o)
                                                  /usr/local/lib/gcc/avr/4.2.2/../../../../avr/lib/avr5/libc.a(fputc.o)
                                                  /usr/local/lib/gcc/avr/4.2.2/../../../../avr/lib/avr5/libc.a(fdevopen.o)
                                                  /usr/local/lib/gcc/avr/4.2.2/../../../../avr/lib/avr5/libc.a(rand.o)
                                                  /usr/local/lib/gcc/avr/4.2.2/../../../../avr/lib/avr5/libprintf_min.a(vfprintf_min.o)
                                                  ../../src/kernel/hal/atmega1281/nrk_cpu.o
                                                  ../../src/kernel/hal/atmega1281/nrk_watchdog.o
                                                  ../../src/kernel/hal/atmega1281/nrk_status.o
                                                  ../../src/kernel/hal/atmega1281/nrk_ext_int.o
                                                  ../../src/kernel/hal/atmega1281/nrk_timer.o
                                                  ../../src/kernel/source/nrk_reserve.o
                                                  ../../src/kernel/source/nrk_driver.o
                                                  ../../src/kernel/source/nrk_scheduler.o
                                                  ../../src/kernel/source/nrk_idle_task.o
                                                  ../../src/kernel/source/nrk_time.o
                                                  ../../src/kernel/source/nrk_task.o
                                                  ../../src/kernel/source/nrk_events.o
                                                  ../../src/kernel/source/nrk_stack_check.o
                                                  ../../src/kernel/source/nrk_error.o
                                                  ../../src/kernel/source/nrk_stats.o
                                                  ../../src/kernel/source/nrk.o
                                                  ../../src/platform/firefly2_2/source/nrk_eeprom.o
                                                  ../../src/platform/firefly2_2/source/hal_wait.o
                                                  ../../src/platform/firefly2_2/source/ulib.o
                                                  ../../src/radio/cc2420/source/basic_rf.o
                                                  ../../src/radio/cc2420/source/hal_rf_wait_for_crystal_oscillator.o
                                                  ../../src/radio/cc2420/source/hal_rf_set_channel.o
                                                  accel_data.o
                                                  ../../src/net/bmac/bmac.o
                                                  main.o
__eeprom_read_byte_1F2021                         /usr/local/lib/gcc/avr/4.2.2/../../../../avr/lib/avr5/libc.a(ee_rb.1F2021.o)
                                                  ../../src/platform/firefly2_2/source/nrk_eeprom.o
__eeprom_write_byte_1F2021                        /usr/local/lib/gcc/avr/4.2.2/../../../../avr/lib/avr5/libc.a(ee_wb.1F2021.o)
                                                  ../../src/platform/firefly2_2/source/nrk_eeprom.o
__epilogue_restores__                             /usr/local/lib/gcc/avr/4.2.2/avr5/libgcc.a(_epilogue.o)
                                                  /usr/local/lib/gcc/avr/4.2.2/../../../../avr/lib/avr5/libc.a(sprintf.o)
                                                  /usr/local/lib/gcc/avr/4.2.2/../../../../avr/lib/avr5/libc.a(printf.o)
                                                  /usr/local/lib/gcc/avr/4.2.2/../../../../avr/lib/avr5/libc.a(fdevopen.o)
                                                  /usr/local/lib/gcc/avr/4.2.2/../../../../avr/lib/avr5/libc.a(rand.o)
                                                  /usr/local/lib/gcc/avr/4.2.2/../../../../avr/lib/avr5/libprintf_min.a(vfprintf_min.o)
__flp                                             /usr/local/lib/gcc/avr/4.2.2/../../../../avr/lib/avr5/libc.a(malloc.o)
__heap_end                                        /usr/local/lib/gcc/avr/4.2.2/../../../../avr/lib/avr5/crtm1281.o
                                                  /usr/local/lib/gcc/avr/4.2.2/../../../../avr/lib/avr5/libc.a(malloc.o)
__heap_start                                      /usr/local/lib/gcc/avr/4.2.2/../../../../avr/lib/avr5/libc.a(malloc.o)
__init                                            /usr/local/lib/gcc/avr/4.2.2/../../../../avr/lib/avr5/crtm1281.o
__iob                                             /usr/local/lib/gcc/avr/4.2.2/../../../../avr/lib/avr5/libc.a(puts.o)
                                                  /usr/local/lib/gcc/avr/4.2.2/../../../../avr/lib/avr5/libc.a(printf.o)
                                                  /usr/local/lib/gcc/avr/4.2.2/../../../../avr/lib/avr5/libc.a(iob.o)
                                                  /usr/local/lib/gcc/avr/4.2.2/../../../../avr/lib/avr5/libc.a(fdevopen.o)
                                                  ../../src/kernel/source/nrk_error.o
                                                  ../../src/platform/firefly2_2/source/ulib.o
__malloc_heap_end                                 /usr/local/lib/gcc/avr/4.2.2/../../../../avr/lib/avr5/libc.a(malloc.o)
__malloc_heap_start                               /usr/local/lib/gcc/avr/4.2.2/../../../../avr/lib/avr5/libc.a(malloc.o)
__malloc_margin                                   /usr/local/lib/gcc/avr/4.2.2/../../../../avr/lib/avr5/libc.a(malloc.o)
__mulsi3                                          /usr/local/lib/gcc/avr/4.2.2/avr5/libgcc.a(_mulsi3.o)
                                                  /usr/local/lib/gcc/avr/4.2.2/../../../../avr/lib/avr5/libc.a(rand.o)
                                                  ../../src/kernel/source/nrk_scheduler.o
                                                  ../../src/kernel/source/nrk_time.o
__prologue_saves__                                /usr/local/lib/gcc/avr/4.2.2/avr5/libgcc.a(_prologue.o)
                                                  /usr/local/lib/gcc/avr/4.2.2/../../../../avr/lib/avr5/libc.a(sprintf.o)
                                                  /usr/local/lib/gcc/avr/4.2.2/../../../../avr/lib/avr5/libc.a(printf.o)
                                                  /usr/local/lib/gcc/avr/4.2.2/../../../../avr/lib/avr5/libc.a(rand.o)
                                                  /usr/local/lib/gcc/avr/4.2.2/../../../../avr/lib/avr5/libprintf_min.a(vfprintf_min.o)
__stack                                           /usr/local/lib/gcc/avr/4.2.2/../../../../avr/lib/avr5/crtm1281.o
                                                  main.o
__udivmodhi4                                      /usr/local/lib/gcc/avr/4.2.2/avr5/libgcc.a(_udivmodhi4.o)
                                                  /usr/local/lib/gcc/avr/4.2.2/avr5/libgcc.a(_divmodhi4.o)
                                                  ../../src/kernel/source/nrk_scheduler.o
                                                  ../../src/net/bmac/bmac.o
__udivmodsi4                                      /usr/local/lib/gcc/avr/4.2.2/avr5/libgcc.a(_udivmodsi4.o)
                                                  /usr/local/lib/gcc/avr/4.2.2/avr5/libgcc.a(_divmodsi4.o)
                                                  ../../src/kernel/source/nrk_scheduler.o
                                                  ../../src/kernel/source/nrk_time.o
__ultoa_invert                                    /usr/local/lib/gcc/avr/4.2.2/../../../../avr/lib/avr5/libc.a(ultoa_invert.o)
                                                  /usr/local/lib/gcc/avr/4.2.2/../../../../avr/lib/avr5/libprintf_min.a(vfprintf_min.o)
__vector_1                                        ../../src/kernel/hal/atmega1281/nrk_ext_int.o
                                                  /usr/local/lib/gcc/avr/4.2.2/../../../../avr/lib/avr5/crtm1281.o
__vector_10                                       /usr/local/lib/gcc/avr/4.2.2/../../../../avr/lib/avr5/crtm1281.o
__vector_11                                       /usr/local/lib/gcc/avr/4.2.2/../../../../avr/lib/avr5/crtm1281.o
__vector_12                                       /usr/local/lib/gcc/avr/4.2.2/../../../../avr/lib/avr5/crtm1281.o
__vector_13                                       ../../src/kernel/hal/atmega1281/nrk_timer.o
                                                  /usr/local/lib/gcc/avr/4.2.2/../../../../avr/lib/avr5/crtm1281.o
__vector_14                                       /usr/local/lib/gcc/avr/4.2.2/../../../../avr/lib/avr5/crtm1281.o
__vector_15                                       ../../src/kernel/hal/atmega1281/nrk_timer.o
                                                  /usr/local/lib/gcc/avr/4.2.2/../../../../avr/lib/avr5/crtm1281.o
__vector_16                                       /usr/local/lib/gcc/avr/4.2.2/../../../../avr/lib/avr5/crtm1281.o
__vector_17                                       ../../src/kernel/hal/atmega1281/nrk_timer.o
                                                  /usr/local/lib/gcc/avr/4.2.2/../../../../avr/lib/avr5/crtm1281.o
__vector_18                                       /usr/local/lib/gcc/avr/4.2.2/../../../../avr/lib/avr5/crtm1281.o
__vector_19                                       /usr/local/lib/gcc/avr/4.2.2/../../../../avr/lib/avr5/crtm1281.o
__vector_2                                        /usr/local/lib/gcc/avr/4.2.2/../../../../avr/lib/avr5/crtm1281.o
__vector_20                                       /usr/local/lib/gcc/avr/4.2.2/../../../../avr/lib/avr5/crtm1281.o
__vector_21                                       /usr/local/lib/gcc/avr/4.2.2/../../../../avr/lib/avr5/crtm1281.o
__vector_22                                       /usr/local/lib/gcc/avr/4.2.2/../../../../avr/lib/avr5/crtm1281.o
__vector_23                                       /usr/local/lib/gcc/avr/4.2.2/../../../../avr/lib/avr5/crtm1281.o
__vector_24                                       /usr/local/lib/gcc/avr/4.2.2/../../../../avr/lib/avr5/crtm1281.o
__vector_25                                       /usr/local/lib/gcc/avr/4.2.2/../../../../avr/lib/avr5/crtm1281.o
__vector_26                                       /usr/local/lib/gcc/avr/4.2.2/../../../../avr/lib/avr5/crtm1281.o
__vector_27                                       /usr/local/lib/gcc/avr/4.2.2/../../../../avr/lib/avr5/crtm1281.o
__vector_28                                       /usr/local/lib/gcc/avr/4.2.2/../../../../avr/lib/avr5/crtm1281.o
__vector_29                                       /usr/local/lib/gcc/avr/4.2.2/../../../../avr/lib/avr5/crtm1281.o
__vector_3                                        /usr/local/lib/gcc/avr/4.2.2/../../../../avr/lib/avr5/crtm1281.o
__vector_30                                       /usr/local/lib/gcc/avr/4.2.2/../../../../avr/lib/avr5/crtm1281.o
__vector_31                                       /usr/local/lib/gcc/avr/4.2.2/../../../../avr/lib/avr5/crtm1281.o
__vector_32                                       ../../src/kernel/hal/atmega1281/nrk_timer.o
                                                  /usr/local/lib/gcc/avr/4.2.2/../../../../avr/lib/avr5/crtm1281.o
__vector_33                                       /usr/local/lib/gcc/avr/4.2.2/../../../../avr/lib/avr5/crtm1281.o
__vector_34                                       /usr/local/lib/gcc/avr/4.2.2/../../../../avr/lib/avr5/crtm1281.o
__vector_35                                       /usr/local/lib/gcc/avr/4.2.2/../../../../avr/lib/avr5/crtm1281.o
__vector_36                                       ../../src/platform/firefly2_2/source/ulib.o
                                                  /usr/local/lib/gcc/avr/4.2.2/../../../../avr/lib/avr5/crtm1281.o
__vector_37                                       /usr/local/lib/gcc/avr/4.2.2/../../../../avr/lib/avr5/crtm1281.o
__vector_38                                       /usr/local/lib/gcc/avr/4.2.2/../../../../avr/lib/avr5/crtm1281.o
__vector_39                                       /usr/local/lib/gcc/avr/4.2.2/../../../../avr/lib/avr5/crtm1281.o
__vector_4                                        /usr/local/lib/gcc/avr/4.2.2/../../../../avr/lib/avr5/crtm1281.o
__vector_40                                       /usr/local/lib/gcc/avr/4.2.2/../../../../avr/lib/avr5/crtm1281.o
__vector_41                                       /usr/local/lib/gcc/avr/4.2.2/../../../../avr/lib/avr5/crtm1281.o
__vector_42                                       /usr/local/lib/gcc/avr/4.2.2/../../../../avr/lib/avr5/crtm1281.o
__vector_43                                       /usr/local/lib/gcc/avr/4.2.2/../../../../avr/lib/avr5/crtm1281.o
__vector_44                                       /usr/local/lib/gcc/avr/4.2.2/../../../../avr/lib/avr5/crtm1281.o
__vector_45                                       /usr/local/lib/gcc/avr/4.2.2/../../../../avr/lib/avr5/crtm1281.o
__vector_46                                       /usr/local/lib/gcc/avr/4.2.2/../../../../avr/lib/avr5/crtm1281.o
__vector_47                                       /usr/local/lib/gcc/avr/4.2.2/../../../../avr/lib/avr5/crtm1281.o
__vector_48                                       /usr/local/lib/gcc/avr/4.2.2/../../../../avr/lib/avr5/crtm1281.o
__vector_49                                       /usr/local/lib/gcc/avr/4.2.2/../../../../avr/lib/avr5/crtm1281.o
__vector_5                                        /usr/local/lib/gcc/avr/4.2.2/../../../../avr/lib/avr5/crtm1281.o
__vector_50                                       /usr/local/lib/gcc/avr/4.2.2/../../../../avr/lib/avr5/crtm1281.o
__vector_6                                        /usr/local/lib/gcc/avr/4.2.2/../../../../avr/lib/avr5/crtm1281.o
__vector_7                                        /usr/local/lib/gcc/avr/4.2.2/../../../../avr/lib/avr5/crtm1281.o
__vector_8                                        /usr/local/lib/gcc/avr/4.2.2/../../../../avr/lib/avr5/crtm1281.o
__vector_9                                        ../../src/kernel/hal/atmega1281/nrk_ext_int.o
                                                  /usr/local/lib/gcc/avr/4.2.2/../../../../avr/lib/avr5/crtm1281.o
__vector_default                                  ../../src/kernel/hal/atmega1281/nrk_timer.o
                                                  /usr/local/lib/gcc/avr/4.2.2/../../../../avr/lib/avr5/crtm1281.o
__vectors                                         /usr/local/lib/gcc/avr/4.2.2/../../../../avr/lib/avr5/crtm1281.o
_b_pow                                            ../../src/net/bmac/bmac.o
_bmac_channel_check                               ../../src/net/bmac/bmac.o
_bmac_check_period                                ../../src/net/bmac/bmac.o
_bmac_rx                                          ../../src/net/bmac/bmac.o
_bmac_tx                                          ../../src/net/bmac/bmac.o
_div                                              /usr/local/lib/gcc/avr/4.2.2/avr5/libgcc.a(_divmodhi4.o)
_exit                                             /usr/local/lib/gcc/avr/4.2.2/avr5/libgcc.a(_exit.o)
_free_node                                        ../../src/kernel/hal/atmega1281/nrk_cpu.o
                                                  ../../src/kernel/source/nrk_scheduler.o
                                                  ../../src/kernel/source/nrk_task.o
                                                  ../../src/kernel/source/nrk_events.o
                                                  ../../src/kernel/source/nrk_stats.o
                                                  ../../src/kernel/source/nrk.o
_head_node                                        ../../src/kernel/hal/atmega1281/nrk_cpu.o
                                                  ../../src/kernel/source/nrk_scheduler.o
                                                  ../../src/kernel/source/nrk_task.o
                                                  ../../src/kernel/source/nrk_events.o
                                                  ../../src/kernel/source/nrk_stats.o
                                                  ../../src/kernel/source/nrk.o
_nrk_cpu_state                                    ../../src/kernel/source/nrk_scheduler.o
                                                  ../../src/kernel/source/nrk_idle_task.o
                                                  ../../src/kernel/source/nrk_task.o
                                                  ../../src/kernel/source/nrk_events.o
                                                  ../../src/kernel/source/nrk.o
_nrk_errno_set                                    ../../src/kernel/source/nrk_error.o
                                                  ../../src/kernel/source/nrk_reserve.o
                                                  ../../src/kernel/source/nrk_events.o
                                                  ../../src/radio/cc2420/source/basic_rf.o
_nrk_get_next_wakeup                              ../../src/kernel/hal/atmega1281/nrk_timer.o
                                                  ../../src/kernel/source/nrk_idle_task.o
                                                  ../../src/kernel/source/nrk_task.o
_nrk_high_speed_timer_get                         ../../src/kernel/hal/atmega1281/nrk_timer.o
                                                  ../../src/kernel/source/nrk_scheduler.o
_nrk_high_speed_timer_reset                       ../../src/kernel/hal/atmega1281/nrk_timer.o
                                                  ../../src/kernel/source/nrk_scheduler.o
_nrk_high_speed_timer_start                       ../../src/kernel/hal/atmega1281/nrk_timer.o
_nrk_high_speed_timer_stop                        ../../src/kernel/hal/atmega1281/nrk_timer.o
_nrk_os_timer_get                                 ../../src/kernel/hal/atmega1281/nrk_timer.o
                                                  ../../src/kernel/source/nrk_scheduler.o
                                                  ../../src/kernel/source/nrk_time.o
                                                  ../../src/kernel/source/nrk_task.o
                                                  ../../src/radio/cc2420/source/basic_rf.o
_nrk_os_timer_reset                               ../../src/kernel/hal/atmega1281/nrk_timer.o
_nrk_os_timer_set                                 ../../src/kernel/hal/atmega1281/nrk_timer.o
_nrk_os_timer_start                               ../../src/kernel/hal/atmega1281/nrk_timer.o
_nrk_os_timer_stop                                ../../src/kernel/hal/atmega1281/nrk_timer.o
_nrk_prev_timer_val                               ../../src/kernel/hal/atmega1281/nrk_cpu.o
                                                  ../../src/kernel/hal/atmega1281/nrk_timer.o
                                                  ../../src/kernel/source/nrk_scheduler.o
                                                  ../../src/kernel/source/nrk_idle_task.o
                                                  ../../src/kernel/source/nrk_time.o
                                                  ../../src/kernel/source/nrk_task.o
                                                  ../../src/kernel/source/nrk_events.o
                                                  ../../src/kernel/source/nrk_error.o
                                                  ../../src/radio/cc2420/source/basic_rf.o
                                                  accel_data.o
                                                  ../../src/net/bmac/bmac.o
                                                  main.o
_nrk_readyQ                                       ../../src/kernel/hal/atmega1281/nrk_cpu.o
                                                  ../../src/kernel/source/nrk_scheduler.o
                                                  ../../src/kernel/source/nrk_events.o
                                                  ../../src/kernel/source/nrk_stats.o
                                                  ../../src/kernel/source/nrk.o
_nrk_reserve                                      ../../src/kernel/source/nrk_reserve.o
_nrk_reserve_init                                 ../../src/kernel/source/nrk_reserve.o
                                                  ../../src/kernel/source/nrk.o
_nrk_reserve_update                               ../../src/kernel/source/nrk_reserve.o
_nrk_resource_cnt                                 ../../src/kernel/hal/atmega1281/nrk_cpu.o
                                                  ../../src/kernel/source/nrk_scheduler.o
                                                  ../../src/kernel/source/nrk_events.o
                                                  ../../src/kernel/source/nrk_stats.o
                                                  ../../src/kernel/source/nrk.o
_nrk_scheduler                                    ../../src/kernel/source/nrk_scheduler.o
                                                  ../../src/kernel/source/nrk.o
_nrk_set_next_wakeup                              ../../src/kernel/hal/atmega1281/nrk_timer.o
                                                  ../../src/kernel/source/nrk_scheduler.o
                                                  ../../src/kernel/source/nrk_task.o
_nrk_setup_timer                                  ../../src/kernel/hal/atmega1281/nrk_timer.o
                                                  ../../src/kernel/hal/atmega1281/nrk_cpu.o
_nrk_signal_list                                  ../../src/kernel/hal/atmega1281/nrk_cpu.o
                                                  ../../src/kernel/hal/atmega1281/nrk_watchdog.o
                                                  ../../src/kernel/hal/atmega1281/nrk_status.o
                                                  ../../src/kernel/hal/atmega1281/nrk_ext_int.o
                                                  ../../src/kernel/hal/atmega1281/nrk_timer.o
                                                  ../../src/kernel/source/nrk_reserve.o
                                                  ../../src/kernel/source/nrk_scheduler.o
                                                  ../../src/kernel/source/nrk_idle_task.o
                                                  ../../src/kernel/source/nrk_time.o
                                                  ../../src/kernel/source/nrk_task.o
                                                  ../../src/kernel/source/nrk_events.o
                                                  ../../src/kernel/source/nrk_stack_check.o
                                                  ../../src/kernel/source/nrk_error.o
                                                  ../../src/kernel/source/nrk_stats.o
                                                  ../../src/kernel/source/nrk.o
                                                  ../../src/platform/firefly2_2/source/nrk_eeprom.o
                                                  ../../src/platform/firefly2_2/source/hal_wait.o
                                                  ../../src/platform/firefly2_2/source/ulib.o
                                                  ../../src/radio/cc2420/source/basic_rf.o
                                                  ../../src/radio/cc2420/source/hal_rf_wait_for_crystal_oscillator.o
                                                  ../../src/radio/cc2420/source/hal_rf_set_channel.o
                                                  accel_data.o
                                                  ../../src/net/bmac/bmac.o
                                                  main.o
_nrk_startup_ok                                   ../../src/kernel/hal/atmega1281/nrk_status.o
                                                  ../../src/kernel/source/nrk.o
_nrk_ticks_to_time                                ../../src/kernel/source/nrk_time.o
_nrk_time_to_ticks                                ../../src/kernel/source/nrk_time.o
                                                  ../../src/kernel/source/nrk_task.o
                                                  ../../src/kernel/source/nrk.o
                                                  ../../src/net/bmac/bmac.o
_nrk_time_to_ticks_long                           ../../src/kernel/source/nrk_time.o
                                                  ../../src/kernel/source/nrk_reserve.o
_nrk_time_trigger                                 ../../src/kernel/hal/atmega1281/nrk_cpu.o
                                                  ../../src/kernel/hal/atmega1281/nrk_timer.o
                                                  ../../src/kernel/source/nrk_scheduler.o
                                                  ../../src/kernel/source/nrk_idle_task.o
                                                  ../../src/kernel/source/nrk_time.o
                                                  ../../src/kernel/source/nrk_task.o
                                                  ../../src/kernel/source/nrk_events.o
                                                  ../../src/kernel/source/nrk_error.o
                                                  ../../src/radio/cc2420/source/basic_rf.o
                                                  accel_data.o
                                                  ../../src/net/bmac/bmac.o
                                                  main.o
_nrk_timer_tick                                   ../../src/kernel/source/nrk.o
                                                  ../../src/kernel/hal/atmega1281/nrk_cpu.o
_nrk_wait_for_scheduler                           ../../src/kernel/source/nrk_task.o
app_timer0_callback                               ../../src/kernel/hal/atmega1281/nrk_cpu.o
                                                  ../../src/kernel/hal/atmega1281/nrk_timer.o
                                                  ../../src/kernel/source/nrk_scheduler.o
                                                  ../../src/kernel/source/nrk_idle_task.o
                                                  ../../src/kernel/source/nrk_time.o
                                                  ../../src/kernel/source/nrk_task.o
                                                  ../../src/kernel/source/nrk_events.o
                                                  ../../src/kernel/source/nrk_error.o
                                                  ../../src/radio/cc2420/source/basic_rf.o
                                                  accel_data.o
                                                  ../../src/net/bmac/bmac.o
                                                  main.o
app_timer0_prescale                               ../../src/kernel/hal/atmega1281/nrk_cpu.o
                                                  ../../src/kernel/hal/atmega1281/nrk_timer.o
                                                  ../../src/kernel/source/nrk_scheduler.o
                                                  ../../src/kernel/source/nrk_idle_task.o
                                                  ../../src/kernel/source/nrk_time.o
                                                  ../../src/kernel/source/nrk_task.o
                                                  ../../src/kernel/source/nrk_events.o
                                                  ../../src/kernel/source/nrk_error.o
                                                  ../../src/radio/cc2420/source/basic_rf.o
                                                  accel_data.o
                                                  ../../src/net/bmac/bmac.o
                                                  main.o
auto_ack_enable                                   ../../src/radio/cc2420/source/basic_rf.o
bmac_addr_decode_dest_mac                         ../../src/net/bmac/bmac.o
bmac_addr_decode_disable                          ../../src/net/bmac/bmac.o
bmac_addr_decode_enable                           ../../src/net/bmac/bmac.o
                                                  main.o
bmac_addr_decode_set_my_mac                       ../../src/net/bmac/bmac.o
                                                  main.o
bmac_auto_ack_disable                             ../../src/net/bmac/bmac.o
bmac_auto_ack_enable                              ../../src/net/bmac/bmac.o
                                                  main.o
bmac_disable                                      ../../src/net/bmac/bmac.o
bmac_enable                                       ../../src/net/bmac/bmac.o
bmac_enable_signal                                ../../src/net/bmac/bmac.o
                                                  main.o
bmac_encryption_disable                           ../../src/net/bmac/bmac.o
bmac_encryption_enable                            ../../src/net/bmac/bmac.o
bmac_encryption_set_ctr_counter                   ../../src/net/bmac/bmac.o
                                                  main.o
bmac_encryption_set_key                           ../../src/net/bmac/bmac.o
bmac_get_rx_pkt_signal                            ../../src/net/bmac/bmac.o
bmac_get_tx_done_signal                           ../../src/net/bmac/bmac.o
                                                  main.o
bmac_got_ack                                      ../../src/net/bmac/bmac.o
bmac_init                                         ../../src/net/bmac/bmac.o
                                                  main.o
bmac_nw_task                                      ../../src/net/bmac/bmac.o
bmac_rfRxInfo                                     ../../src/net/bmac/bmac.o
                                                  main.o
bmac_rfTxInfo                                     ../../src/net/bmac/bmac.o
                                                  main.o
bmac_running                                      ../../src/net/bmac/bmac.o
bmac_rx_pkt_get                                   ../../src/net/bmac/bmac.o
                                                  main.o
bmac_rx_pkt_is_encrypted                          ../../src/net/bmac/bmac.o
bmac_rx_pkt_ready                                 ../../src/net/bmac/bmac.o
bmac_rx_pkt_release                               ../../src/net/bmac/bmac.o
                                                  main.o
bmac_rx_pkt_set_buffer                            ../../src/net/bmac/bmac.o
                                                  main.o
bmac_rx_pkt_signal                                ../../src/net/bmac/bmac.o
                                                  main.o
bmac_set_cca_active                               ../../src/net/bmac/bmac.o
bmac_set_cca_thresh                               ../../src/net/bmac/bmac.o
bmac_set_channel                                  ../../src/net/bmac/bmac.o
bmac_set_rf_power                                 ../../src/net/bmac/bmac.o
bmac_set_rx_check_rate                            ../../src/net/bmac/bmac.o
                                                  main.o
bmac_started                                      ../../src/net/bmac/bmac.o
                                                  main.o
bmac_task                                         ../../src/net/bmac/bmac.o
                                                  main.o
bmac_task_config                                  ../../src/net/bmac/bmac.o
                                                  main.o
bmac_task_stack                                   ../../src/net/bmac/bmac.o
                                                  main.o
bmac_tx_busy                                      ../../src/net/bmac/bmac.o
bmac_tx_pkt                                       ../../src/net/bmac/bmac.o
                                                  main.o
bmac_tx_pkt_done_signal                           ../../src/net/bmac/bmac.o
                                                  main.o
bmac_tx_pkt_nonblocking                           ../../src/net/bmac/bmac.o
bmac_tx_reserve_get                               ../../src/net/bmac/bmac.o
bmac_tx_reserve_set                               ../../src/net/bmac/bmac.o
bmac_wait_until_rx_pkt                            ../../src/net/bmac/bmac.o
                                                  main.o
calloc                                            /usr/local/lib/gcc/avr/4.2.2/../../../../avr/lib/avr5/libc.a(calloc.o)
                                                  /usr/local/lib/gcc/avr/4.2.2/../../../../avr/lib/avr5/libc.a(fdevopen.o)
cca_active                                        ../../src/net/bmac/bmac.o
                                                  main.o
ctr_cnt                                           main.o
dump_stack_info                                   ../../src/kernel/source/nrk_stack_check.o
error_num                                         ../../src/kernel/hal/atmega1281/nrk_cpu.o
                                                  ../../src/kernel/hal/atmega1281/nrk_watchdog.o
                                                  ../../src/kernel/hal/atmega1281/nrk_ext_int.o
                                                  ../../src/kernel/hal/atmega1281/nrk_timer.o
                                                  ../../src/kernel/source/nrk_reserve.o
                                                  ../../src/kernel/source/nrk_scheduler.o
                                                  ../../src/kernel/source/nrk_idle_task.o
                                                  ../../src/kernel/source/nrk_task.o
                                                  ../../src/kernel/source/nrk_events.o